[yeast] seed=0 Baseline-Half: val=0.5190 test=0.5926 gap=0.1525 (1s)
[yeast] seed=0 Baseline-LS: val=0.5316 test=0.5926 gap=0.1462 (1s)
[yeast] seed=0 Baseline-Full: val=0.5232 test=0.5791 gap=0.1094 (1s)
[yeast] seed=0 Distill-S a=0.0: val=0.5190 test=0.5791 gap=0.1125 | teacher=0.5892 agree_ov=nan agree_nov=0.726 (1s)
[yeast] seed=0 Distill-S a=1.0: val=0.5359 test=0.5859 gap=0.1273 | teacher=0.5892 agree_ov=0.789 agree_nov=nan (1s)
[yeast] seed=0 Distill-S a=0.2: val=0.5359 test=0.5993 gap=0.1399 | teacher=0.5791 agree_ov=0.789 agree_nov=0.808 (1s)
[yeast] seed=0 Distill-S a=0.4: val=0.5274 test=0.5926 gap=0.1336 | teacher=0.5993 agree_ov=0.842 agree_nov=0.804 (1s)
[yeast] seed=0 Distill-S a=0.6: val=0.5105 test=0.5859 gap=0.1315 | teacher=0.5825 agree_ov=0.818 agree_nov=0.763 (1s)
[yeast] seed=0 Distill-S a=0.8: val=0.5232 test=0.5926 gap=0.1336 | teacher=0.5859 agree_ov=0.805 agree_nov=0.842 (1s)
[yeast] seed=1 Baseline-Half: val=0.5696 test=0.6094 gap=0.0999 (1s)
[yeast] seed=1 Baseline-LS: val=0.5781 test=0.6128 gap=0.1167 (1s)
[yeast] seed=1 Baseline-Full: val=0.5570 test=0.6128 gap=0.1094 (1s)
[yeast] seed=1 Distill-S a=0.0: val=0.5696 test=0.6296 gap=0.0809 | teacher=0.5892 agree_ov=nan agree_nov=0.796 (1s)
[yeast] seed=1 Distill-S a=0.2: val=0.5696 test=0.6364 gap=0.0725 | teacher=0.5892 agree_ov=0.789 agree_nov=0.797 (1s)
[yeast] seed=1 Distill-S a=0.4: val=0.5654 test=0.6128 gap=0.0725 | teacher=0.5623 agree_ov=0.847 agree_nov=0.811 (1s)
[yeast] seed=1 Distill-S a=0.6: val=0.5781 test=0.6195 gap=0.0746 | teacher=0.5758 agree_ov=0.846 agree_nov=0.816 (1s)
[yeast] seed=1 Distill-S a=0.8: val=0.5696 test=0.6162 gap=0.1209 | teacher=0.6061 agree_ov=0.829 agree_nov=0.842 (1s)
[yeast] seed=1 Distill-S a=1.0: val=0.5612 test=0.6128 gap=0.1104 | teacher=0.5724 agree_ov=0.802 agree_nov=nan (1s)
[yeast] seed=2 Baseline-Half: val=0.5527 test=0.6162 gap=0.1230 (1s)
[yeast] seed=2 Baseline-LS: val=0.5738 test=0.6229 gap=0.1167 (1s)
[yeast] seed=2 Baseline-Full: val=0.5865 test=0.6330 gap=0.0324 (1s)
[yeast] seed=2 Distill-S a=0.0: val=0.5823 test=0.6330 gap=0.0788 | teacher=0.5859 agree_ov=nan agree_nov=0.787 (1s)
[yeast] seed=2 Distill-S a=0.2: val=0.5907 test=0.6195 gap=0.0809 | teacher=0.6061 agree_ov=0.832 agree_nov=0.826 (1s)
[yeast] seed=2 Distill-S a=0.4: val=0.5612 test=0.6027 gap=0.1041 | teacher=0.5623 agree_ov=0.800 agree_nov=0.796 (1s)
[yeast] seed=2 Distill-S a=0.6: val=0.5738 test=0.6296 gap=0.1104 | teacher=0.5892 agree_ov=0.726 agree_nov=0.711 (1s)
[yeast] seed=2 Distill-S a=0.8: val=0.5612 test=0.6094 gap=0.1104 | teacher=0.5758 agree_ov=0.771 agree_nov=0.674 (1s)
[yeast] seed=2 Distill-S a=1.0: val=0.5485 test=0.6128 gap=0.1315 | teacher=0.5892 agree_ov=0.794 agree_nov=nan (1s)
[yeast] seed=3 Baseline-Half: val=0.6160 test=0.5859 gap=0.0556 (1s)
[yeast] seed=3 Baseline-LS: val=0.6118 test=0.5690 gap=0.1272 (1s)
[yeast] seed=3 Baseline-Full: val=0.6245 test=0.5960 gap=0.0661 (2s)
[yeast] seed=3 Distill-S a=0.0: val=0.6034 test=0.5825 gap=0.0703 | teacher=0.5758 agree_ov=nan agree_nov=0.817 (2s)
[yeast] seed=3 Distill-S a=0.2: val=0.6160 test=0.5993 gap=0.1041 | teacher=0.5926 agree_ov=0.853 agree_nov=0.782 (1s)
[yeast] seed=3 Distill-S a=0.4: val=0.6456 test=0.5791 gap=0.0661 | teacher=0.5892 agree_ov=0.805 agree_nov=0.775 (1s)
[yeast] seed=3 Distill-S a=0.6: val=0.6160 test=0.5825 gap=0.0956 | teacher=0.5488 agree_ov=0.804 agree_nov=0.816 (1s)
[yeast] seed=3 Distill-S a=0.8: val=0.6245 test=0.5758 gap=0.0914 | teacher=0.5892 agree_ov=0.782 agree_nov=0.811 (1s)
[yeast] seed=3 Distill-S a=1.0: val=0.6287 test=0.5825 gap=0.0682 | teacher=0.5623 agree_ov=0.811 agree_nov=nan (1s)
[yeast] seed=4 Baseline-Half: val=0.5738 test=0.6027 gap=0.0999 (1s)
[yeast] seed=4 Baseline-LS: val=0.5696 test=0.6061 gap=0.1588 (1s)
[yeast] seed=4 Baseline-Full: val=0.6076 test=0.6296 gap=0.0630 (1s)
[yeast] seed=4 Distill-S a=0.0: val=0.5949 test=0.6296 gap=0.0851 | teacher=0.5690 agree_ov=nan agree_nov=0.811 (2s)
[yeast] seed=4 Distill-S a=0.2: val=0.5823 test=0.6229 gap=0.0471 | teacher=0.5522 agree_ov=0.874 agree_nov=0.768 (1s)
[yeast] seed=4 Distill-S a=0.4: val=0.5949 test=0.6195 gap=0.0956 | teacher=0.5892 agree_ov=0.832 agree_nov=0.800 (1s)
[yeast] seed=4 Distill-S a=0.6: val=0.5865 test=0.6162 gap=0.0661 | teacher=0.5926 agree_ov=0.804 agree_nov=0.858 (2s)
[yeast] seed=4 Distill-S a=0.8: val=0.5738 test=0.6061 gap=0.0914 | teacher=0.5859 agree_ov=0.755 agree_nov=0.758 (1s)
[yeast] seed=4 Distill-S a=1.0: val=0.5738 test=0.6061 gap=0.1273 | teacher=0.5892 agree_ov=0.817 agree_nov=nan (1s)
[yeast] seed=5 Baseline-Half: val=0.6118 test=0.5825 gap=0.0450 (1s)
[yeast] seed=5 Baseline-LS: val=0.6245 test=0.5825 gap=0.0682 (1s)
[yeast] seed=5 Baseline-Full: val=0.6287 test=0.5859 gap=0.0050 (2s)
[yeast] seed=5 Distill-S a=0.0: val=0.6160 test=0.5825 gap=0.0113 | teacher=0.5354 agree_ov=nan agree_nov=0.832 (2s)
[yeast] seed=5 Distill-S a=0.2: val=0.6160 test=0.5892 gap=0.0408 | teacher=0.5758 agree_ov=0.832 agree_nov=0.834 (2s)
[yeast] seed=5 Distill-S a=0.4: val=0.6160 test=0.5859 gap=0.0239 | teacher=0.5892 agree_ov=0.784 agree_nov=0.796 (1s)
[yeast] seed=5 Distill-S a=0.6: val=0.6076 test=0.5724 gap=0.0535 | teacher=0.5859 agree_ov=0.860 agree_nov=0.816 (1s)
[yeast] seed=5 Distill-S a=0.8: val=0.6245 test=0.5724 gap=0.0176 | teacher=0.6128 agree_ov=0.845 agree_nov=0.832 (1s)
[yeast] seed=5 Distill-S a=1.0: val=0.6034 test=0.5758 gap=0.0261 | teacher=0.5455 agree_ov=0.840 agree_nov=nan (1s)
[yeast] seed=6 Baseline-Half: val=0.5612 test=0.5859 gap=0.0956 (1s)
[yeast] seed=6 Baseline-LS: val=0.5696 test=0.6027 gap=0.1188 (1s)
[yeast] seed=6 Baseline-Full: val=0.5823 test=0.6027 gap=0.0967 (2s)
[yeast] seed=6 Distill-S a=0.0: val=0.5823 test=0.5758 gap=0.0767 | teacher=0.5556 agree_ov=nan agree_nov=0.827 (1s)
[yeast] seed=6 Distill-S a=0.2: val=0.5781 test=0.5960 gap=0.0619 | teacher=0.5657 agree_ov=0.842 agree_nov=0.826 (1s)
[yeast] seed=6 Distill-S a=0.4: val=0.5654 test=0.5892 gap=0.0451 | teacher=0.5623 agree_ov=0.868 agree_nov=0.814 (1s)
[yeast] seed=6 Distill-S a=0.6: val=0.5570 test=0.5892 gap=0.0893 | teacher=0.5522 agree_ov=0.867 agree_nov=0.795 (1s)
[yeast] seed=6 Distill-S a=0.8: val=0.5696 test=0.5724 gap=0.0957 | teacher=0.5859 agree_ov=0.861 agree_nov=0.853 (1s)
[yeast] seed=6 Distill-S a=1.0: val=0.5738 test=0.5859 gap=0.0872 | teacher=0.5320 agree_ov=0.838 agree_nov=nan (1s)
[yeast] seed=7 Baseline-Half: val=0.6456 test=0.5387 gap=0.0640 (1s)
[yeast] seed=7 Baseline-LS: val=0.6203 test=0.5556 gap=0.0682 (1s)
[yeast] seed=7 Baseline-Full: val=0.6245 test=0.5589 gap=0.0419 (1s)
[yeast] seed=7 Distill-S a=0.0: val=0.6498 test=0.5690 gap=0.0282 | teacher=0.5623 agree_ov=nan agree_nov=0.756 (1s)
[yeast] seed=7 Distill-S a=0.2: val=0.6456 test=0.5387 gap=-0.0013 | teacher=0.5556 agree_ov=0.800 agree_nov=0.776 (1s)
[yeast] seed=7 Distill-S a=0.4: val=0.6329 test=0.5387 gap=0.0261 | teacher=0.5455 agree_ov=0.821 agree_nov=0.821 (1s)
[yeast] seed=7 Distill-S a=0.6: val=0.6371 test=0.5455 gap=0.0303 | teacher=0.5522 agree_ov=0.846 agree_nov=0.805 (1s)
[yeast] seed=7 Distill-S a=0.8: val=0.6245 test=0.5185 gap=0.0682 | teacher=0.5253 agree_ov=0.803 agree_nov=0.789 (1s)
[yeast] seed=7 Distill-S a=1.0: val=0.6371 test=0.5253 gap=0.0703 | teacher=0.5253 agree_ov=0.783 agree_nov=nan (1s)
[yeast] seed=8 Baseline-Half: val=0.5949 test=0.5522 gap=0.1041 (1s)
[yeast] seed=8 Baseline-LS: val=0.5865 test=0.5657 gap=0.1061 (1s)
[yeast] seed=8 Baseline-Full: val=0.5907 test=0.5657 gap=0.0724 (1s)
[yeast] seed=8 Distill-S a=0.0: val=0.5907 test=0.5724 gap=0.0535 | teacher=0.5488 agree_ov=nan agree_nov=0.804 (1s)
[yeast] seed=8 Distill-S a=0.2: val=0.5865 test=0.5556 gap=0.0577 | teacher=0.5488 agree_ov=0.842 agree_nov=0.782 (1s)
[yeast] seed=8 Distill-S a=0.4: val=0.5696 test=0.5522 gap=0.0978 | teacher=0.5859 agree_ov=0.784 agree_nov=0.768 (1s)
[yeast] seed=8 Distill-S a=0.6: val=0.5865 test=0.5690 gap=0.0851 | teacher=0.5623 agree_ov=0.832 agree_nov=0.853 (1s)
[yeast] seed=8 Distill-S a=0.8: val=0.5865 test=0.5623 gap=0.0999 | teacher=0.5926 agree_ov=0.811 agree_nov=0.811 (1s)
[yeast] seed=8 Distill-S a=1.0: val=0.5865 test=0.5623 gap=0.1083 | teacher=0.5724 agree_ov=0.800 agree_nov=nan (1s)
[yeast] seed=9 Baseline-Half: val=0.5316 test=0.5219 gap=0.1020 (1s)
[yeast] seed=9 Baseline-LS: val=0.5527 test=0.5253 gap=0.1041 (1s)
[yeast] seed=9 Baseline-Full: val=0.5654 test=0.5556 gap=0.1041 (1s)
[yeast] seed=9 Distill-S a=0.0: val=0.5738 test=0.5387 gap=0.0767 | teacher=0.4983 agree_ov=nan agree_nov=0.789 (1s)
[yeast] seed=9 Distill-S a=0.2: val=0.5401 test=0.5488 gap=0.1062 | teacher=0.5185 agree_ov=0.779 agree_nov=0.782 (1s)
[yeast] seed=9 Distill-S a=0.4: val=0.5316 test=0.5421 gap=0.1062 | teacher=0.5017 agree_ov=0.779 agree_nov=0.754 (1s)
[yeast] seed=9 Distill-S a=0.6: val=0.5570 test=0.5051 gap=0.1104 | teacher=0.5354 agree_ov=0.772 agree_nov=0.753 (1s)
[yeast] seed=9 Distill-S a=0.8: val=0.5274 test=0.5354 gap=0.1062 | teacher=0.4882 agree_ov=0.734 agree_nov=0.726 (1s)
[yeast] seed=9 Distill-S a=1.0: val=0.5232 test=0.5320 gap=0.0999 | teacher=0.4949 agree_ov=0.760 agree_nov=nan (1s)
[yeast] seed=10 Baseline-Half: val=0.5865 test=0.5724 gap=0.0893 (1s)
[yeast] seed=10 Baseline-LS: val=0.5696 test=0.5825 gap=0.1230 (1s)
[yeast] seed=10 Baseline-Full: val=0.5907 test=0.6061 gap=0.0998 (1s)
[yeast] seed=10 Distill-S a=0.0: val=0.5612 test=0.5825 gap=0.0977 | teacher=0.5589 agree_ov=nan agree_nov=0.794 (1s)
[yeast] seed=10 Distill-S a=0.2: val=0.5654 test=0.5758 gap=0.1230 | teacher=0.5791 agree_ov=0.789 agree_nov=0.816 (1s)
[yeast] seed=10 Distill-S a=0.4: val=0.5527 test=0.5589 gap=0.1104 | teacher=0.5253 agree_ov=0.811 agree_nov=0.804 (1s)
[yeast] seed=10 Distill-S a=0.6: val=0.5949 test=0.5859 gap=0.0851 | teacher=0.5791 agree_ov=0.811 agree_nov=0.779 (1s)
[yeast] seed=10 Distill-S a=0.8: val=0.5949 test=0.5859 gap=0.0745 | teacher=0.5623 agree_ov=0.811 agree_nov=0.821 (1s)
[yeast] seed=10 Distill-S a=1.0: val=0.5865 test=0.5758 gap=0.0893 | teacher=0.5926 agree_ov=0.817 agree_nov=nan (1s)
[yeast] seed=11 Baseline-Half: val=0.5823 test=0.5724 gap=0.0893 (1s)
[yeast] seed=11 Baseline-LS: val=0.5570 test=0.5758 gap=0.1399 (1s)
[yeast] seed=11 Baseline-Full: val=0.6076 test=0.5724 gap=0.0629 (2s)
[yeast] seed=11 Distill-S a=0.0: val=0.6076 test=0.5724 gap=0.0387 | teacher=0.5017 agree_ov=nan agree_nov=0.794 (1s)
[yeast] seed=11 Distill-S a=0.2: val=0.5823 test=0.5825 gap=0.0703 | teacher=0.5556 agree_ov=0.884 agree_nov=0.847 (1s)
[yeast] seed=11 Distill-S a=0.4: val=0.6034 test=0.5926 gap=0.0492 | teacher=0.5556 agree_ov=0.874 agree_nov=0.853 (1s)
[yeast] seed=11 Distill-S a=0.6: val=0.5696 test=0.5960 gap=0.0999 | teacher=0.5589 agree_ov=0.796 agree_nov=0.805 (1s)
[yeast] seed=11 Distill-S a=0.8: val=0.5865 test=0.5926 gap=0.0957 | teacher=0.5556 agree_ov=0.824 agree_nov=0.800 (1s)
[yeast] seed=11 Distill-S a=1.0: val=0.5696 test=0.5859 gap=0.1209 | teacher=0.5859 agree_ov=0.865 agree_nov=nan (1s)
[yeast] seed=12 Baseline-Half: val=0.5485 test=0.6162 gap=0.0830 (1s)
[yeast] seed=12 Baseline-LS: val=0.5654 test=0.6296 gap=0.1336 (1s)
[yeast] seed=12 Baseline-Full: val=0.5907 test=0.6229 gap=0.0472 (1s)
[yeast] seed=12 Distill-S a=0.0: val=0.5781 test=0.6229 gap=0.0809 | teacher=0.6128 agree_ov=nan agree_nov=0.846 (1s)
[yeast] seed=12 Distill-S a=0.2: val=0.5738 test=0.6330 gap=0.0767 | teacher=0.5859 agree_ov=0.821 agree_nov=0.832 (1s)
[yeast] seed=12 Distill-S a=0.4: val=0.5949 test=0.6364 gap=0.0935 | teacher=0.5960 agree_ov=0.805 agree_nov=0.818 (1s)
[yeast] seed=12 Distill-S a=0.6: val=0.5654 test=0.6263 gap=0.0619 | teacher=0.5859 agree_ov=0.786 agree_nov=0.768 (1s)
[yeast] seed=12 Distill-S a=0.8: val=0.5359 test=0.6263 gap=0.0704 | teacher=0.5791 agree_ov=0.755 agree_nov=0.758 (1s)
[yeast] seed=12 Distill-S a=1.0: val=0.5570 test=0.6094 gap=0.0767 | teacher=0.5791 agree_ov=0.735 agree_nov=nan (1s)
[yeast] seed=13 Baseline-Half: val=0.5949 test=0.6162 gap=0.0345 (1s)
[yeast] seed=13 Baseline-LS: val=0.6034 test=0.6094 gap=0.0724 (1s)
[yeast] seed=13 Baseline-Full: val=0.6414 test=0.6263 gap=0.0166 (1s)
[yeast] seed=13 Distill-S a=0.0: val=0.6203 test=0.6162 gap=0.0219 | teacher=0.5993 agree_ov=nan agree_nov=0.771 (1s)
[yeast] seed=13 Distill-S a=0.2: val=0.6118 test=0.6094 gap=0.0388 | teacher=0.6364 agree_ov=0.800 agree_nov=0.821 (1s)
[yeast] seed=13 Distill-S a=0.4: val=0.6203 test=0.6128 gap=0.0556 | teacher=0.5960 agree_ov=0.837 agree_nov=0.828 (1s)
[yeast] seed=13 Distill-S a=0.6: val=0.6329 test=0.6431 gap=0.0598 | teacher=0.6027 agree_ov=0.747 agree_nov=0.732 (1s)
[yeast] seed=13 Distill-S a=0.8: val=0.6076 test=0.6229 gap=0.0598 | teacher=0.6229 agree_ov=0.829 agree_nov=0.768 (1s)
[yeast] seed=13 Distill-S a=1.0: val=0.6076 test=0.6094 gap=0.0703 | teacher=0.5993 agree_ov=0.775 agree_nov=nan (1s)
[yeast] seed=14 Baseline-Half: val=0.5485 test=0.5522 gap=0.1146 (1s)
[yeast] seed=14 Baseline-LS: val=0.5654 test=0.5657 gap=0.1231 (1s)
[yeast] seed=14 Baseline-Full: val=0.5696 test=0.5488 gap=0.0935 (1s)
[yeast] seed=14 Distill-S a=0.0: val=0.5823 test=0.5589 gap=0.0430 | teacher=0.5926 agree_ov=nan agree_nov=0.867 (1s)
[yeast] seed=14 Distill-S a=0.2: val=0.5696 test=0.5589 gap=0.0873 | teacher=0.5825 agree_ov=0.863 agree_nov=0.853 (1s)
[yeast] seed=14 Distill-S a=0.4: val=0.5654 test=0.5455 gap=0.0725 | teacher=0.5892 agree_ov=0.826 agree_nov=0.874 (1s)
[yeast] seed=14 Distill-S a=0.6: val=0.5696 test=0.5522 gap=0.0915 | teacher=0.5690 agree_ov=0.849 agree_nov=0.805 (1s)
[yeast] seed=14 Distill-S a=0.8: val=0.5612 test=0.5387 gap=0.0957 | teacher=0.5657 agree_ov=0.811 agree_nov=0.811 (1s)
[yeast] seed=14 Distill-S a=1.0: val=0.5443 test=0.5657 gap=0.1041 | teacher=0.5589 agree_ov=0.806 agree_nov=nan (1s)
[yeast] seed=15 Baseline-Half: val=0.5949 test=0.6027 gap=0.0724 (1s)
[yeast] seed=15 Baseline-LS: val=0.6034 test=0.5926 gap=0.1040 (2s)
[yeast] seed=15 Baseline-Full: val=0.6076 test=0.6061 gap=0.0535 (2s)
[yeast] seed=15 Distill-S a=0.0: val=0.5823 test=0.5960 gap=0.0808 | teacher=0.6027 agree_ov=nan agree_nov=0.832 (3s)
[yeast] seed=15 Distill-S a=0.2: val=0.6203 test=0.5926 gap=0.0493 | teacher=0.5657 agree_ov=0.789 agree_nov=0.750 (1s)
[yeast] seed=15 Distill-S a=0.4: val=0.5992 test=0.6027 gap=0.0682 | teacher=0.5926 agree_ov=0.821 agree_nov=0.768 (1s)
[yeast] seed=15 Distill-S a=0.6: val=0.5865 test=0.5892 gap=0.0809 | teacher=0.5892 agree_ov=0.828 agree_nov=0.832 (2s)
[yeast] seed=15 Distill-S a=0.8: val=0.6118 test=0.5724 gap=0.1230 | teacher=0.5892 agree_ov=0.874 agree_nov=0.905 (2s)
[yeast] seed=15 Distill-S a=1.0: val=0.5992 test=0.5859 gap=0.0830 | teacher=0.6027 agree_ov=0.798 agree_nov=nan (1s)
[yeast] seed=16 Baseline-Half: val=0.5738 test=0.5488 gap=0.0872 (1s)
[yeast] seed=16 Baseline-LS: val=0.5907 test=0.5657 gap=0.0998 (1s)
[yeast] seed=16 Baseline-Full: val=0.5823 test=0.5758 gap=0.0661 (1s)
[yeast] seed=16 Distill-S a=0.0: val=0.5781 test=0.5926 gap=0.0724 | teacher=0.5960 agree_ov=nan agree_nov=0.789 (1s)
[yeast] seed=16 Distill-S a=0.2: val=0.5738 test=0.5690 gap=0.0767 | teacher=0.5758 agree_ov=0.789 agree_nov=0.737 (1s)
[yeast] seed=16 Distill-S a=0.4: val=0.5865 test=0.5791 gap=0.0640 | teacher=0.5825 agree_ov=0.742 agree_nov=0.754 (1s)
[yeast] seed=16 Distill-S a=0.6: val=0.5570 test=0.5421 gap=0.0788 | teacher=0.5926 agree_ov=0.747 agree_nov=0.726 (1s)
[yeast] seed=16 Distill-S a=0.8: val=0.5612 test=0.5488 gap=0.0767 | teacher=0.5791 agree_ov=0.784 agree_nov=0.747 (1s)
[yeast] seed=16 Distill-S a=1.0: val=0.5738 test=0.5589 gap=0.0766 | teacher=0.5657 agree_ov=0.724 agree_nov=nan (1s)
[yeast] seed=17 Baseline-Half: val=0.5738 test=0.6094 gap=0.1167 (1s)
[yeast] seed=17 Baseline-LS: val=0.5823 test=0.6162 gap=0.1040 (1s)
[yeast] seed=17 Baseline-Full: val=0.5949 test=0.6061 gap=0.0672 (2s)
[yeast] seed=17 Distill-S a=0.0: val=0.5865 test=0.6195 gap=0.0577 | teacher=0.5556 agree_ov=nan agree_nov=0.815 (2s)
[yeast] seed=17 Distill-S a=0.2: val=0.5781 test=0.6027 gap=0.0935 | teacher=0.5623 agree_ov=0.800 agree_nov=0.797 (2s)
[yeast] seed=17 Distill-S a=0.4: val=0.5907 test=0.6195 gap=0.0935 | teacher=0.5825 agree_ov=0.874 agree_nov=0.863 (2s)
[yeast] seed=17 Distill-S a=0.6: val=0.6034 test=0.6061 gap=0.0682 | teacher=0.6162 agree_ov=0.818 agree_nov=0.863 (1s)
[yeast] seed=17 Distill-S a=0.8: val=0.5781 test=0.5993 gap=0.0956 | teacher=0.5623 agree_ov=0.797 agree_nov=0.853 (1s)
[yeast] seed=17 Distill-S a=1.0: val=0.5738 test=0.6094 gap=0.1082 | teacher=0.5589 agree_ov=0.766 agree_nov=nan (1s)
[yeast] seed=18 Baseline-Half: val=0.6076 test=0.5960 gap=0.0703 (1s)
[yeast] seed=18 Baseline-LS: val=0.5949 test=0.5960 gap=0.0703 (1s)
[yeast] seed=18 Baseline-Full: val=0.6203 test=0.5993 gap=0.0292 (1s)
[yeast] seed=18 Distill-S a=0.0: val=0.6076 test=0.6128 gap=0.0177 | teacher=0.5657 agree_ov=nan agree_nov=0.773 (1s)
[yeast] seed=18 Distill-S a=0.2: val=0.6118 test=0.5993 gap=0.0261 | teacher=0.5758 agree_ov=0.811 agree_nov=0.782 (1s)
[yeast] seed=18 Distill-S a=0.4: val=0.6118 test=0.6061 gap=0.0198 | teacher=0.5960 agree_ov=0.811 agree_nov=0.772 (1s)
[yeast] seed=18 Distill-S a=0.6: val=0.6160 test=0.5892 gap=0.0493 | teacher=0.5993 agree_ov=0.804 agree_nov=0.805 (1s)
[yeast] seed=18 Distill-S a=0.8: val=0.6034 test=0.5892 gap=0.0745 | teacher=0.5825 agree_ov=0.845 agree_nov=0.747 (1s)
[yeast] seed=18 Distill-S a=1.0: val=0.5949 test=0.6061 gap=0.0493 | teacher=0.5589 agree_ov=0.811 agree_nov=nan (1s)
[yeast] seed=19 Baseline-Half: val=0.5654 test=0.5690 gap=0.0998 (1s)
[yeast] seed=19 Baseline-LS: val=0.5654 test=0.5724 gap=0.1209 (1s)
[yeast] seed=19 Baseline-Full: val=0.5654 test=0.5960 gap=0.0956 (1s)
[yeast] seed=19 Distill-S a=0.0: val=0.5696 test=0.5859 gap=0.0767 | teacher=0.5892 agree_ov=nan agree_nov=0.846 (1s)
[yeast] seed=19 Distill-S a=0.2: val=0.5823 test=0.5825 gap=0.0809 | teacher=0.5387 agree_ov=0.926 agree_nov=0.863 (1s)
[yeast] seed=19 Distill-S a=0.4: val=0.5612 test=0.5892 gap=0.0682 | teacher=0.5892 agree_ov=0.853 agree_nov=0.849 (1s)
[yeast] seed=19 Distill-S a=0.6: val=0.5738 test=0.5859 gap=0.0767 | teacher=0.5623 agree_ov=0.821 agree_nov=0.858 (1s)
[yeast] seed=19 Distill-S a=0.8: val=0.5865 test=0.5690 gap=0.1294 | teacher=0.5522 agree_ov=0.824 agree_nov=0.800 (1s)
[yeast] seed=19 Distill-S a=1.0: val=0.5823 test=0.5892 gap=0.1104 | teacher=0.5724 agree_ov=0.804 agree_nov=nan (1s)
